#Command line options: -a query -Q Set.01.snv.unfilt.all_eps.fasta -i Reference/Ensembl/index/ -o Set.01.snv.all_eps_ensembl.out 
##Query	Subject	SubjectLength	MatchStart	MatchEnd
TLASKITGM	No match
ASKITGMLL	ENSP00000428693.1	527	142	150	
ASKITGMLL	ENSP00000427819.1	2792	2407	2415	
ASKITGMLL	ENSP00000220959.4	2798	2413	2421	
ASKITGMLL	ENSP00000429084.1	2799	2413	2421	
SKITGMLLE	ENSP00000428693.1	527	143	151	
SKITGMLLE	ENSP00000427819.1	2792	2408	2416	
SKITGMLLE	ENSP00000220959.4	2798	2414	2422	
SKITGMLLE	ENSP00000429084.1	2799	2414	2422	
RLFPLIQAL	No match